15:14:28 **** Incremental Build of configuration Debug for project SN2_TD1_bis ****
make -j12 all 
arm-none-eabi-gcc "../VU_meter/vu_meter.c" -mcpu=cortex-m4 -std=gnu11 -g3 -DDEBUG -DUSE_HAL_DRIVER -DSTM32L476xx -c -I../Core/Inc -I../Drivers/STM32L4xx_HAL_Driver/Inc -I../Drivers/STM32L4xx_HAL_Driver/Inc/Legacy -I../Drivers/CMSIS/Device/ST/STM32L4xx/Include -I../Drivers/CMSIS/Include -I"C:/Users/uig46994/ENSEA-1DA-SN2-TD/SN2_TD1_bis/VU_meter" -O0 -ffunction-sections -fdata-sections -Wall -fstack-usage -fcyclomatic-complexity -MMD -MP -MF"VU_meter/vu_meter.d" -MT"VU_meter/vu_meter.o" --specs=nano.specs -mfpu=fpv4-sp-d16 -mfloat-abi=hard -mthumb -o "VU_meter/vu_meter.o"
arm-none-eabi-gcc -o "SN2_TD1_bis.elf" @"objects.list"   -mcpu=cortex-m4 -T"C:\Users\uig46994\ENSEA-1DA-SN2-TD\SN2_TD1_bis\STM32L476RGTX_FLASH.ld" --specs=nosys.specs -Wl,-Map="SN2_TD1_bis.map" -Wl,--gc-sections -static --specs=nano.specs -mfpu=fpv4-sp-d16 -mfloat-abi=hard -mthumb -Wl,--start-group -lc -lm -Wl,--end-group
Finished building target: SN2_TD1_bis.elf
 
arm-none-eabi-size   SN2_TD1_bis.elf 
arm-none-eabi-objdump -h -S  SN2_TD1_bis.elf  > "SN2_TD1_bis.list"
   text	   data	    bss	    dec	    hex	filename
  18192	    112	   2152	  20456	   4fe8	SN2_TD1_bis.elf
Finished building: default.size.stdout
 
Finished building: SN2_TD1_bis.list
 
15:14:37 **** Incremental Build of configuration Debug for project SN2_TD1_bis ****
make -j12 all 
arm-none-eabi-size   SN2_TD1_bis.elf 
   text	   data	    bss	    dec	    hex	filename
  18192	    112	   2152	  20456	   4fe8	SN2_TD1_bis.elf
Finished building: default.size.stdout
 
